src/config/productDetails/pvcHighPressurePipesData.ts(139,47): error TS2322: Type 'null' is not assignable to type 'string'.
src/config/productDetails/pvcHighPressurePipesData.ts(139,93): error TS2322: Type 'null' is not assignable to type 'string'.
src/config/productDetails/pvcHighPressurePipesData.ts(140,47): error TS2322: Type 'null' is not assignable to type 'string'.
src/config/productDetails/pvcHighPressurePipesData.ts(140,93): error TS2322: Type 'null' is not assignable to type 'string'.
src/config/productDetails/pvcHighPressurePipesData.ts(141,47): error TS2322: Type 'null' is not assignable to type 'string'.
src/config/productDetails/pvcHighPressurePipesData.ts(232,199): error TS2322: Type 'null' is not assignable to type 'string'.
src/config/productDetails/pvcHighPressurePipesData.ts(232,251): error TS2322: Type 'null' is not assignable to type 'string'.
src/config/productDetails/pvcHighPressurePipesData.ts(232,303): error TS2322: Type 'null' is not assignable to type 'string'.
src/config/productDetails/pvcHighPressurePipesData.ts(232,353): error TS2322: Type 'null' is not assignable to type 'string'.
src/config/productDetails/pvcHighPressurePipesData.ts(232,403): error TS2322: Type 'null' is not assignable to type 'string'.
src/config/productDetails/pvcHighPressurePipesData.ts(232,453): error TS2322: Type 'null' is not assignable to type 'string'.
src/config/productDetails/pvcHighPressurePipesData.ts(233,305): error TS2322: Type 'null' is not assignable to type 'string'.
src/config/productDetails/pvcHighPressurePipesData.ts(233,355): error TS2322: Type 'null' is not assignable to type 'string'.
src/config/productDetails/pvcHighPressurePipesData.ts(233,405): error TS2322: Type 'null' is not assignable to type 'string'.
src/config/productDetails/pvcHighPressurePipesData.ts(233,455): error TS2322: Type 'null' is not assignable to type 'string'.
src/config/productDetails/pvcHighPressurePipesData.ts(234,305): error TS2322: Type 'null' is not assignable to type 'string'.
src/config/productDetails/pvcHighPressurePipesData.ts(234,355): error TS2322: Type 'null' is not assignable to type 'string'.
src/config/productDetails/pvcHighPressurePipesData.ts(234,405): error TS2322: Type 'null' is not assignable to type 'string'.
src/config/productDetails/pvcHighPressurePipesData.ts(234,455): error TS2322: Type 'null' is not assignable to type 'string'.
src/config/productDetails/pvcHighPressurePipesData.ts(235,407): error TS2322: Type 'null' is not assignable to type 'string'.
src/config/productDetails/pvcHighPressurePipesData.ts(235,457): error TS2322: Type 'null' is not assignable to type 'string'.
src/config/productDetails/pvcHighPressurePipesData.ts(236,407): error TS2322: Type 'null' is not assignable to type 'string'.
src/config/productDetails/pvcHighPressurePipesData.ts(236,457): error TS2322: Type 'null' is not assignable to type 'string'.
src/config/productDetails/pvcHighPressurePipesData.ts(237,407): error TS2322: Type 'null' is not assignable to type 'string'.
src/config/productDetails/pvcHighPressurePipesData.ts(237,457): error TS2322: Type 'null' is not assignable to type 'string'.
src/config/productDetails/pvcHighPressurePipesData.ts(315,186): error TS2322: Type 'null' is not assignable to type 'string'.
src/config/productDetails/pvcHighPressurePipesData.ts(315,232): error TS2322: Type 'null' is not assignable to type 'string'.
src/config/productDetails/pvcHighPressurePipesData.ts(315,278): error TS2322: Type 'null' is not assignable to type 'string'.
src/config/productDetails/pvcHighPressurePipesData.ts(315,323): error TS2322: Type 'null' is not assignable to type 'string'.
src/config/productDetails/pvcHighPressurePipesData.ts(316,186): error TS2322: Type 'null' is not assignable to type 'string'.
src/config/productDetails/pvcHighPressurePipesData.ts(316,232): error TS2322: Type 'null' is not assignable to type 'string'.
src/config/productDetails/pvcHighPressurePipesData.ts(316,278): error TS2322: Type 'null' is not assignable to type 'string'.
src/config/productDetails/pvcHighPressurePipesData.ts(316,323): error TS2322: Type 'null' is not assignable to type 'string'.
src/config/productDetails/pvcHighPressurePipesData.ts(317,184): error TS2322: Type 'null' is not assignable to type 'string'.
src/config/productDetails/pvcHighPressurePipesData.ts(317,230): error TS2322: Type 'null' is not assignable to type 'string'.
src/config/productDetails/pvcHighPressurePipesData.ts(317,276): error TS2322: Type 'null' is not assignable to type 'string'.
src/config/productDetails/pvcHighPressurePipesData.ts(317,321): error TS2322: Type 'null' is not assignable to type 'string'.
src/config/productDetails/pvcHighPressurePipesData.ts(318,282): error TS2322: Type 'null' is not assignable to type 'string'.
src/config/productDetails/pvcHighPressurePipesData.ts(318,327): error TS2322: Type 'null' is not assignable to type 'string'.
src/config/productDetails/pvcHighPressurePipesData.ts(319,282): error TS2322: Type 'null' is not assignable to type 'string'.
src/config/productDetails/pvcHighPressurePipesData.ts(319,327): error TS2322: Type 'null' is not assignable to type 'string'.
src/config/productDetails/pvcHighPressurePipesData.ts(392,186): error TS2322: Type 'null' is not assignable to type 'string'.
src/config/productDetails/pvcHighPressurePipesData.ts(392,232): error TS2322: Type 'null' is not assignable to type 'string'.
src/config/productDetails/pvcHighPressurePipesData.ts(392,278): error TS2322: Type 'null' is not assignable to type 'string'.
src/config/productDetails/pvcHighPressurePipesData.ts(392,323): error TS2322: Type 'null' is not assignable to type 'string'.
src/config/productDetails/pvcHighPressurePipesData.ts(393,186): error TS2322: Type 'null' is not assignable to type 'string'.
src/config/productDetails/pvcHighPressurePipesData.ts(393,232): error TS2322: Type 'null' is not assignable to type 'string'.
src/config/productDetails/pvcHighPressurePipesData.ts(393,278): error TS2322: Type 'null' is not assignable to type 'string'.
src/config/productDetails/pvcHighPressurePipesData.ts(393,323): error TS2322: Type 'null' is not assignable to type 'string'.
src/config/productDetails/pvcHighPressurePipesData.ts(394,184): error TS2322: Type 'null' is not assignable to type 'string'.
src/config/productDetails/pvcHighPressurePipesData.ts(394,230): error TS2322: Type 'null' is not assignable to type 'string'.
src/config/productDetails/pvcHighPressurePipesData.ts(394,276): error TS2322: Type 'null' is not assignable to type 'string'.
src/config/productDetails/pvcHighPressurePipesData.ts(394,321): error TS2322: Type 'null' is not assignable to type 'string'.
src/config/productDetails/pvcHighPressurePipesData.ts(395,282): error TS2322: Type 'null' is not assignable to type 'string'.
src/config/productDetails/pvcHighPressurePipesData.ts(395,327): error TS2322: Type 'null' is not assignable to type 'string'.
src/config/productDetails/pvcHighPressurePipesData.ts(396,282): error TS2322: Type 'null' is not assignable to type 'string'.
src/config/productDetails/pvcHighPressurePipesData.ts(396,327): error TS2322: Type 'null' is not assignable to type 'string'.
src/config/productDetails/pvcHighPressurePipesData.ts(485,204): error TS2322: Type 'null' is not assignable to type 'string'.
src/config/productDetails/pvcHighPressurePipesData.ts(485,255): error TS2322: Type 'null' is not assignable to type 'string'.
src/config/productDetails/pvcHighPressurePipesData.ts(485,306): error TS2322: Type 'null' is not assignable to type 'string'.
src/config/productDetails/pvcHighPressurePipesData.ts(485,356): error TS2322: Type 'null' is not assignable to type 'string'.
src/config/productDetails/pvcHighPressurePipesData.ts(485,406): error TS2322: Type 'null' is not assignable to type 'string'.
src/config/productDetails/pvcHighPressurePipesData.ts(485,456): error TS2322: Type 'null' is not assignable to type 'string'.
src/config/productDetails/pvcHighPressurePipesData.ts(485,506): error TS2322: Type 'null' is not assignable to type 'string'.
src/config/productDetails/pvcHighPressurePipesData.ts(485,564): error TS2322: Type 'null' is not assignable to type 'string'.
src/config/productDetails/pvcHighPressurePipesData.ts(486,204): error TS2322: Type 'null' is not assignable to type 'string'.
src/config/productDetails/pvcHighPressurePipesData.ts(486,255): error TS2322: Type 'null' is not assignable to type 'string'.
src/config/productDetails/pvcHighPressurePipesData.ts(486,306): error TS2322: Type 'null' is not assignable to type 'string'.
src/config/productDetails/pvcHighPressurePipesData.ts(486,356): error TS2322: Type 'null' is not assignable to type 'string'.
src/config/productDetails/pvcHighPressurePipesData.ts(486,406): error TS2322: Type 'null' is not assignable to type 'string'.
src/config/productDetails/pvcHighPressurePipesData.ts(486,456): error TS2322: Type 'null' is not assignable to type 'string'.
src/config/productDetails/pvcHighPressurePipesData.ts(486,506): error TS2322: Type 'null' is not assignable to type 'string'.
src/config/productDetails/pvcHighPressurePipesData.ts(486,564): error TS2322: Type 'null' is not assignable to type 'string'.
src/config/productDetails/pvcHighPressurePipesData.ts(487,202): error TS2322: Type 'null' is not assignable to type 'string'.
src/config/productDetails/pvcHighPressurePipesData.ts(487,253): error TS2322: Type 'null' is not assignable to type 'string'.
src/config/productDetails/pvcHighPressurePipesData.ts(487,304): error TS2322: Type 'null' is not assignable to type 'string'.
src/config/productDetails/pvcHighPressurePipesData.ts(487,354): error TS2322: Type 'null' is not assignable to type 'string'.
src/config/productDetails/pvcHighPressurePipesData.ts(487,404): error TS2322: Type 'null' is not assignable to type 'string'.
src/config/productDetails/pvcHighPressurePipesData.ts(487,454): error TS2322: Type 'null' is not assignable to type 'string'.
src/config/productDetails/pvcHighPressurePipesData.ts(487,504): error TS2322: Type 'null' is not assignable to type 'string'.
src/config/productDetails/pvcHighPressurePipesData.ts(487,562): error TS2322: Type 'null' is not assignable to type 'string'.
src/config/productDetails/pvcHighPressurePipesData.ts(488,310): error TS2322: Type 'null' is not assignable to type 'string'.
src/config/productDetails/pvcHighPressurePipesData.ts(488,360): error TS2322: Type 'null' is not assignable to type 'string'.
src/config/productDetails/pvcHighPressurePipesData.ts(488,410): error TS2322: Type 'null' is not assignable to type 'string'.
src/config/productDetails/pvcHighPressurePipesData.ts(488,460): error TS2322: Type 'null' is not assignable to type 'string'.
src/config/productDetails/pvcHighPressurePipesData.ts(489,310): error TS2322: Type 'null' is not assignable to type 'string'.
src/config/productDetails/pvcHighPressurePipesData.ts(489,360): error TS2322: Type 'null' is not assignable to type 'string'.
src/config/productDetails/pvcHighPressurePipesData.ts(489,410): error TS2322: Type 'null' is not assignable to type 'string'.
src/config/productDetails/pvcHighPressurePipesData.ts(489,460): error TS2322: Type 'null' is not assignable to type 'string'.
src/config/productDetails/pvcHighPressurePipesData.ts(490,408): error TS2322: Type 'null' is not assignable to type 'string'.
src/config/productDetails/pvcHighPressurePipesData.ts(490,458): error TS2322: Type 'null' is not assignable to type 'string'.
src/config/productDetails/pvcHighPressurePipesData.ts(671,105): error TS2322: Type 'null' is not assignable to type 'string'.
src/config/productDetails/pvcHighPressurePipesData.ts(671,156): error TS2322: Type 'null' is not assignable to type 'string'.
src/config/productDetails/pvcHighPressurePipesData.ts(671,207): error TS2322: Type 'null' is not assignable to type 'string'.
src/config/productDetails/pvcHighPressurePipesData.ts(671,258): error TS2322: Type 'null' is not assignable to type 'string'.
src/config/productDetails/pvcHighPressurePipesData.ts(671,309): error TS2322: Type 'null' is not assignable to type 'string'.
src/config/productDetails/pvcHighPressurePipesData.ts(671,362): error TS2322: Type 'null' is not assignable to type 'string'.
src/config/productDetails/pvcHighPressurePipesData.ts(671,415): error TS2322: Type 'null' is not assignable to type 'string'.
src/config/productDetails/pvcHighPressurePipesData.ts(671,465): error TS2322: Type 'null' is not assignable to type 'string'.
src/config/productDetails/pvcHighPressurePipesData.ts(671,515): error TS2322: Type 'null' is not assignable to type 'string'.
src/config/productDetails/pvcHighPressurePipesData.ts(671,567): error TS2322: Type 'null' is not assignable to type 'string'.
src/config/productDetails/pvcHighPressurePipesData.ts(671,619): error TS2322: Type 'null' is not assignable to type 'string'.
src/config/productDetails/pvcHighPressurePipesData.ts(671,671): error TS2322: Type 'null' is not assignable to type 'string'.
src/config/productDetails/pvcHighPressurePipesData.ts(672,105): error TS2322: Type 'null' is not assignable to type 'string'.
src/config/productDetails/pvcHighPressurePipesData.ts(672,156): error TS2322: Type 'null' is not assignable to type 'string'.
src/config/productDetails/pvcHighPressurePipesData.ts(672,207): error TS2322: Type 'null' is not assignable to type 'string'.
src/config/productDetails/pvcHighPressurePipesData.ts(672,258): error TS2322: Type 'null' is not assignable to type 'string'.
src/config/productDetails/pvcHighPressurePipesData.ts(672,309): error TS2322: Type 'null' is not assignable to type 'string'.
src/config/productDetails/pvcHighPressurePipesData.ts(672,362): error TS2322: Type 'null' is not assignable to type 'string'.
src/config/productDetails/pvcHighPressurePipesData.ts(672,415): error TS2322: Type 'null' is not assignable to type 'string'.
src/config/productDetails/pvcHighPressurePipesData.ts(672,465): error TS2322: Type 'null' is not assignable to type 'string'.
src/config/productDetails/pvcHighPressurePipesData.ts(673,103): error TS2322: Type 'null' is not assignable to type 'string'.
src/config/productDetails/pvcHighPressurePipesData.ts(673,154): error TS2322: Type 'null' is not assignable to type 'string'.
src/config/productDetails/pvcHighPressurePipesData.ts(673,205): error TS2322: Type 'null' is not assignable to type 'string'.
src/config/productDetails/pvcHighPressurePipesData.ts(673,256): error TS2322: Type 'null' is not assignable to type 'string'.
src/config/productDetails/pvcHighPressurePipesData.ts(673,307): error TS2322: Type 'null' is not assignable to type 'string'.
src/config/productDetails/pvcHighPressurePipesData.ts(673,360): error TS2322: Type 'null' is not assignable to type 'string'.
src/config/productDetails/pvcHighPressurePipesData.ts(674,107): error TS2322: Type 'null' is not assignable to type 'string'.
src/config/productDetails/pvcHighPressurePipesData.ts(674,158): error TS2322: Type 'null' is not assignable to type 'string'.
src/config/productDetails/pvcHighPressurePipesData.ts(674,209): error TS2322: Type 'null' is not assignable to type 'string'.
src/config/productDetails/pvcHighPressurePipesData.ts(674,260): error TS2322: Type 'null' is not assignable to type 'string'.
src/config/productDetails/pvcHighPressurePipesData.ts(675,107): error TS2322: Type 'null' is not assignable to type 'string'.
src/config/productDetails/pvcHighPressurePipesData.ts(675,158): error TS2322: Type 'null' is not assignable to type 'string'.
src/config/productDetails/pvcHighPressurePipesData.ts(675,209): error TS2322: Type 'null' is not assignable to type 'string'.
src/config/productDetails/pvcHighPressurePipesData.ts(675,260): error TS2322: Type 'null' is not assignable to type 'string'.
src/config/productDetails/pvcHighPressurePipesData.ts(676,103): error TS2322: Type 'null' is not assignable to type 'string'.
src/config/productDetails/pvcHighPressurePipesData.ts(676,154): error TS2322: Type 'null' is not assignable to type 'string'.
src/config/productDetails/pvcHighPressurePipesData.ts(676,205): error TS2322: Type 'null' is not assignable to type 'string'.
src/config/productDetails/pvcHighPressurePipesData.ts(676,256): error TS2322: Type 'null' is not assignable to type 'string'.
src/config/productDetails/pvcHighPressurePipesData.ts(677,103): error TS2322: Type 'null' is not assignable to type 'string'.
src/config/productDetails/pvcHighPressurePipesData.ts(677,154): error TS2322: Type 'null' is not assignable to type 'string'.
src/config/productDetails/pvcHighPressurePipesData.ts(681,754): error TS2322: Type 'null' is not assignable to type 'string'.
src/config/productDetails/pvcHighPressurePipesData.ts(681,808): error TS2322: Type 'null' is not assignable to type 'string'.
src/config/productDetails/pvcHighPressurePipesData.ts(682,755): error TS2322: Type 'null' is not assignable to type 'string'.
src/config/productDetails/pvcHighPressurePipesData.ts(682,809): error TS2322: Type 'null' is not assignable to type 'string'.
